// Vitest Snapshot v1, https://vitest.dev/guide/snapshot.html

exports[`checkSpam() > with most spammy email 1`] = `
{
  "checks": [
    {
      "description": "Lots of money promised in a Nigeria scam",
      "name": "MONEY_FROM_419,",
      "points": 5,
    },
    {
      "description": "Freemail in Reply-To, but not From",
      "name": "FREEMAIL_FORGED_REPLYTO",
      "points": 1,
    },
    {
      "description": "Lots of money promised",
      "name": "MONEY_GUARANTEE,",
      "points": 1,
    },
    {
      "description": "BODY: HTML included in message",
      "name": "HTML_MESSAGE,",
      "points": 0,
    },
    {
      "description": "Appears to be advanced fee fraud (Nigerian 419)",
      "name": "ADVANCE_FEE_3_NEW,",
      "points": 1,
    },
    {
      "description": "BODY: Dear Friend? That's not a good sign",
      "name": "DEAR_FRIEND,",
      "points": 1,
    },
    {
      "description": "Appears to be advanced fee fraud (Nigerian 419)",
      "name": "ADVANCE_FEE_4_NEW,",
      "points": 1,
    },
    {
      "description": "From and Reply-To are different",
      "name": "FROM_NOT_REPLYTO,",
      "points": 1,
    },
    {
      "description": "BODY: Money back guarantee",
      "name": "MONEY_BACK_GUARANTEE,",
      "points": 1,
    },
    {
      "description": "Lots of money promised in a Nigeria scam",
      "name": "MONEY_FROM_419_3,",
      "points": 1,
    },
    {
      "description": "From and Reply-To are different",
      "name": "FROM_NOT_REPLY_TO,",
      "points": 1,
    },
    {
      "description": "Lots of money promised in a Nigeria scam",
      "name": "MONEY_FROM_419_4,",
      "points": 1,
    },
    {
      "description": "Lots of money promised in a Nigeria scam",
      "name": "MONEY_FROM_419_5,",
      "points": 1,
    },
    {
      "description": "Lots of money promised in a Nigeria scam",
      "name": "MONEY_FROM_419_6,",
      "points": 1,
    },
    {
      "description": "Lots of money promised in a Nigeria scam",
      "name": "MONEY_FROM_419_7,",
      "points": 1,
    },
    {
      "description": "Lots of money promised in a Nigeria scam",
      "name": "MONEY_FROM_419_8,",
      "points": 1,
    },
    {
      "description": "Lots of money promised in a Nigeria scam",
      "name": "MONEY_FROM_419_9,",
      "points": 1,
    },
    {
      "description": "Lots of money promised in a Nigeria scam",
      "name": "MONEY_FROM_419_10,",
      "points": 1,
    },
    {
      "description": "Lots of money promised in a Nigeria scam",
      "name": "MONEY_FROM_419_11,",
      "points": 1,
    },
    {
      "description": "Lots of money promised in a Nigeria scam",
      "name": "MONEY_FROM_419_12,",
      "points": 1,
    },
    {
      "description": "Lots of money promised in a Nigeria scam",
      "name": "MONEY_FROM_419_13,",
      "points": 1,
    },
    {
      "description": "Lots of money promised in a Nigeria scam",
      "name": "MONEY_FROM_419_14,",
      "points": 1,
    },
    {
      "description": "Lots of money promised in a Nigeria scam",
      "name": "MONEY_FROM_419_15,",
      "points": 1,
    },
    {
      "description": "Lots of money promised in a Nigeria scam",
      "name": "MONEY_FROM_419_16,",
      "points": 1,
    },
  ],
  "isSpam": true,
  "points": 27,
}
`; 